c8fdc933f2400e1ba5dc07f5372027358b0a5053




AzureAD+SubhashKumar@LAPTOP-4H0UL17E MINGW64 ~
$ git clone https://github.com/imsubh/sdet.git
Cloning into 'sdet'...
remote: Enumerating objects: 129, done.
remote: Total 129 (delta 0), reused 0 (delta 0), pack-reused 129
Receiving objects: 100% (129/129), 40.54 KiB | 210.00 KiB/s, done.
Resolving deltas: 100% (36/36), done.

AzureAD+SubhashKumar@LAPTOP-4H0UL17E MINGW64 ~
$ pwd
/c/Users/SubhashKumar

AzureAD+SubhashKumar@LAPTOP-4H0UL17E MINGW64 ~
$ ls
'3D Objects'/
 AppData/
'Application Data'@
 Contacts/
 Cookies@
 Desktop/
 Documents/
 Documents_vishma/
 Downloads/
 Favorites/
 IBM/
 InstallAnywhere/
 Intel/
 IntelGraphicsProfiles/
 Links/
'Local Settings'@
 MicrosoftEdgeBackups/
 Music/
'My Documents'@
 NTUSER.DAT
 NTUSER.DAT{96663b28-0c54-11eb-8271-ef3e2a4c4b02}.TM.blf
 NTUSER.DAT{96663b28-0c54-11eb-8271-ef3e2a4c4b02}.TMContainer00000000000000000001.regtrans-ms
 NTUSER.DAT{96663b28-0c54-11eb-8271-ef3e2a4c4b02}.TMContainer00000000000000000002.regtrans-ms
 NetHood@
 OneDrive/
 Pictures/
 PrintHood@
 Recent@
 Roaming/
 STLogs/
'Saved Games'/
 Searches/
 SendTo@
 SoapUI-Tutorials/
'Start Menu'@
 Templates@
 Videos/
 ctd_vishma/
 default-soapui-workspace.xml
 eclipse/
 eclipse-workspace/
 eclipse-workspace1/
 eclipse-workspace_09022019/
 eclipse_12_20/
 install.xml
 ntuser.dat.LOG1
 ntuser.dat.LOG2
 ntuser.ini
 sdet/
 soapui-settings.xml
 stkeystore.p12

AzureAD+SubhashKumar@LAPTOP-4H0UL17E MINGW64 ~
$ cd sdet

AzureAD+SubhashKumar@LAPTOP-4H0UL17E MINGW64 ~/sdet (main)
$ pwd
/c/Users/SubhashKumar/sdet

AzureAD+SubhashKumar@LAPTOP-4H0UL17E MINGW64 ~/sdet (main)
$ ls
API_Project/  Appium/  README.md  java/     python/    selenium_project/
API_Testing/  BDD/     TestNG/    jenkins/  selenium/  sql/

AzureAD+SubhashKumar@LAPTOP-4H0UL17E MINGW64 ~/sdet (main)
$ git pull
Already up to date.

AzureAD+SubhashKumar@LAPTOP-4H0UL17E MINGW64 ~/sdet (main)
$ pwd
/c/Users/SubhashKumar/sdet

AzureAD+SubhashKumar@LAPTOP-4H0UL17E MINGW64 ~/sdet (main)
$ ^C

AzureAD+SubhashKumar@LAPTOP-4H0UL17E MINGW64 ~/sdet (main)
$ ls
API_Project/  Appium/  README.md  java/     python/    selenium_project/
API_Testing/  BDD/     TestNG/    jenkins/  selenium/  sql/

AzureAD+SubhashKumar@LAPTOP-4H0UL17E MINGW64 ~/sdet (main)
$ cd java

AzureAD+SubhashKumar@LAPTOP-4H0UL17E MINGW64 ~/sdet/java (main)
$ git add.
git: 'add.' is not a git command. See 'git --help'.

The most similar command is
        add

AzureAD+SubhashKumar@LAPTOP-4H0UL17E MINGW64 ~/sdet/java (main)
$ git add .

AzureAD+SubhashKumar@LAPTOP-4H0UL17E MINGW64 ~/sdet/java (main)
$ git commit -m "New file checkng"
[main c008e9b] New file checkng
 1 file changed, 1 insertion(+)
 create mode 100644 java/GitCheck.java

AzureAD+SubhashKumar@LAPTOP-4H0UL17E MINGW64 ~/sdet/java (main)
$ git push origin main
Enumerating objects: 6, done.
Counting objects: 100% (6/6), done.
Delta compression using up to 4 threads
Compressing objects: 100% (3/3), done.
Writing objects: 100% (4/4), 338 bytes | 169.00 KiB/s, done.
Total 4 (delta 2), reused 0 (delta 0), pack-reused 0
remote: Resolving deltas: 100% (2/2), completed with 2 local objects.
To https://github.com/imsubh/sdet.git
   78edfb6..c008e9b  main -> main

AzureAD+SubhashKumar@LAPTOP-4H0UL17E MINGW64 ~/sdet/java (main)
$ git add .

AzureAD+SubhashKumar@LAPTOP-4H0UL17E MINGW64 ~/sdet/java (main)
$ git commit -m "added Github folder and readme file"
On branch main
Your branch is up to date with 'origin/main'.

Untracked files:
  (use "git add <file>..." to include in what will be committed)
        ../Github/

nothing added to commit but untracked files present (use "git add" to track)

AzureAD+SubhashKumar@LAPTOP-4H0UL17E MINGW64 ~/sdet/java (main)
$ git push
Everything up-to-date

AzureAD+SubhashKumar@LAPTOP-4H0UL17E MINGW64 ~/sdet/java (main)
$ ls
Activity1.java    Activity2_2.java  Activity3_3a.java  Excel.java
Activity1_3.java  Activity2_3.java  Activity3_3b.java  GitCheck.java
Activity1_4.java  Activity2_4.java  Activity4_1.java   act_1_1.java
Activity2.java    Activity3_1.java  Activity4_2.java   car.java
Activity2_1.java  Activity3_2.java  Activity4_3.java

AzureAD+SubhashKumar@LAPTOP-4H0UL17E MINGW64 ~/sdet/java (main)
$ cd ..

AzureAD+SubhashKumar@LAPTOP-4H0UL17E MINGW64 ~/sdet (main)
$ ls
API_Project/  Appium/  Github/    TestNG/  jenkins/  selenium/          sql/
API_Testing/  BDD/     README.md  java/    python/   selenium_project/

AzureAD+SubhashKumar@LAPTOP-4H0UL17E MINGW64 ~/sdet (main)
$ pwd
/c/Users/SubhashKumar/sdet

AzureAD+SubhashKumar@LAPTOP-4H0UL17E MINGW64 ~/sdet (main)
$ git push
Everything up-to-date

AzureAD+SubhashKumar@LAPTOP-4H0UL17E MINGW64 ~/sdet (main)
$ git add .

AzureAD+SubhashKumar@LAPTOP-4H0UL17E MINGW64 ~/sdet (main)
$  git commit -m "added Github folder and readme file"
[main 75d9ec5] added Github folder and readme file
 1 file changed, 1 insertion(+)
 create mode 100644 Github/README.md

AzureAD+SubhashKumar@LAPTOP-4H0UL17E MINGW64 ~/sdet (main)
$ git push origin main
Enumerating objects: 5, done.
Counting objects: 100% (5/5), done.
Delta compression using up to 4 threads
Compressing objects: 100% (2/2), done.
Writing objects: 100% (4/4), 361 bytes | 180.00 KiB/s, done.
Total 4 (delta 1), reused 0 (delta 0), pack-reused 0
remote: Resolving deltas: 100% (1/1), completed with 1 local object.
To https://github.com/imsubh/sdet.git
   c008e9b..75d9ec5  main -> main

AzureAD+SubhashKumar@LAPTOP-4H0UL17E MINGW64 ~/sdet (main)
